
================
== TensorFlow ==
================

NVIDIA Release 23.08-tf2 (build 66128809)
TensorFlow Version 2.13.0

Container image Copyright (c) 2023, NVIDIA CORPORATION & AFFILIATES. All rights reserved.
Copyright 2017-2023 The TensorFlow Authors.  All rights reserved.

Various files include modifications (c) NVIDIA CORPORATION & AFFILIATES.  All rights reserved.

This container image and its contents are governed by the NVIDIA Deep Learning Container License.
By pulling and using the container, you accept the terms and conditions of this license:
https://developer.nvidia.com/ngc/nvidia-deep-learning-container-license

Folder 'Evaluations_TMDs_dfs' created successfully!
 1/12 [=>............................] - ETA: 3s12/12 [==============================] - 0s 757us/step
 1/12 [=>............................] - ETA: 0s12/12 [==============================] - 0s 701us/step
 1/12 [=>............................] - ETA: 0s12/12 [==============================] - 0s 719us/step
 1/12 [=>............................] - ETA: 0s12/12 [==============================] - 0s 668us/step
 1/12 [=>............................] - ETA: 0s12/12 [==============================] - 0s 692us/step
 1/12 [=>............................] - ETA: 0s12/12 [==============================] - 0s 691us/step
 1/12 [=>............................] - ETA: 0s12/12 [==============================] - 0s 675us/step
 1/12 [=>............................] - ETA: 0s12/12 [==============================] - 0s 703us/step
 1/12 [=>............................] - ETA: 0s12/12 [==============================] - 0s 700us/step
 1/12 [=>............................] - ETA: 0s12/12 [==============================] - 0s 720us/step
 1/12 [=>............................] - ETA: 0s12/12 [==============================] - 0s 694us/step
 1/12 [=>............................] - ETA: 0s12/12 [==============================] - 0s 704us/step
 1/12 [=>............................] - ETA: 0s12/12 [==============================] - 0s 678us/step
 1/12 [=>............................] - ETA: 0s12/12 [==============================] - 0s 696us/step
 1/12 [=>............................] - ETA: 0s12/12 [==============================] - 0s 678us/step
 1/12 [=>............................] - ETA: 0s12/12 [==============================] - 0s 694us/step
 1/12 [=>............................] - ETA: 0s12/12 [==============================] - 0s 701us/step
 1/12 [=>............................] - ETA: 0s12/12 [==============================] - 0s 687us/step
 1/12 [=>............................] - ETA: 0s12/12 [==============================] - 0s 708us/step
 1/12 [=>............................] - ETA: 0s12/12 [==============================] - 0s 686us/step
 1/12 [=>............................] - ETA: 0s12/12 [==============================] - 0s 689us/step
 1/12 [=>............................] - ETA: 0s12/12 [==============================] - 0s 697us/step
 1/12 [=>............................] - ETA: 0s12/12 [==============================] - 0s 686us/step
 1/12 [=>............................] - ETA: 0s12/12 [==============================] - 0s 690us/step
 1/12 [=>............................] - ETA: 0s12/12 [==============================] - 0s 700us/step
 1/12 [=>............................] - ETA: 6s12/12 [==============================] - 1s 696us/step
 1/12 [=>............................] - ETA: 0s12/12 [==============================] - 0s 709us/step
 1/12 [=>............................] - ETA: 0s12/12 [==============================] - 0s 710us/step
 1/12 [=>............................] - ETA: 0s12/12 [==============================] - 0s 682us/step
 1/12 [=>............................] - ETA: 0s12/12 [==============================] - 0s 714us/step
 1/12 [=>............................] - ETA: 0s12/12 [==============================] - 0s 692us/step
 1/12 [=>............................] - ETA: 0s12/12 [==============================] - 0s 699us/step
 1/12 [=>............................] - ETA: 0s12/12 [==============================] - 0s 704us/step
 1/12 [=>............................] - ETA: 0s12/12 [==============================] - 0s 714us/step
 1/12 [=>............................] - ETA: 0s12/12 [==============================] - 0s 673us/step
 1/12 [=>............................] - ETA: 0s12/12 [==============================] - 0s 694us/step
 1/12 [=>............................] - ETA: 0s12/12 [==============================] - 0s 705us/step
 1/12 [=>............................] - ETA: 0s12/12 [==============================] - 0s 710us/step
 1/12 [=>............................] - ETA: 0s12/12 [==============================] - 0s 719us/step
 1/12 [=>............................] - ETA: 0s12/12 [==============================] - 0s 649us/step
 1/12 [=>............................] - ETA: 0s12/12 [==============================] - 0s 697us/step
 1/12 [=>............................] - ETA: 0s12/12 [==============================] - 0s 683us/step
 1/12 [=>............................] - ETA: 0s12/12 [==============================] - 0s 692us/step
 1/12 [=>............................] - ETA: 0s12/12 [==============================] - 0s 690us/step
 1/12 [=>............................] - ETA: 0s12/12 [==============================] - 0s 694us/step
 1/12 [=>............................] - ETA: 0s12/12 [==============================] - 0s 693us/step
 1/12 [=>............................] - ETA: 0s12/12 [==============================] - 0s 690us/step
 1/12 [=>............................] - ETA: 0s12/12 [==============================] - 0s 675us/step
 1/12 [=>............................] - ETA: 0s12/12 [==============================] - 0s 727us/step
 1/12 [=>............................] - ETA: 0s12/12 [==============================] - 0s 694us/step
 1/12 [=>............................] - ETA: 0s12/12 [==============================] - 0s 740us/step
 1/12 [=>............................] - ETA: 0s12/12 [==============================] - 0s 672us/step
 1/12 [=>............................] - ETA: 0s12/12 [==============================] - 0s 669us/step
 1/12 [=>............................] - ETA: 0s12/12 [==============================] - 0s 689us/step
 1/12 [=>............................] - ETA: 0s12/12 [==============================] - 0s 695us/step
 1/12 [=>............................] - ETA: 0s12/12 [==============================] - 0s 698us/step
 1/12 [=>............................] - ETA: 0s12/12 [==============================] - 0s 682us/step
 1/12 [=>............................] - ETA: 0s12/12 [==============================] - 0s 681us/step
 1/12 [=>............................] - ETA: 0s12/12 [==============================] - 0s 657us/step
 1/12 [=>............................] - ETA: 0s12/12 [==============================] - 0s 668us/step
 1/12 [=>............................] - ETA: 0s12/12 [==============================] - 0s 687us/step
 1/12 [=>............................] - ETA: 0s12/12 [==============================] - 0s 702us/step
 1/12 [=>............................] - ETA: 0s12/12 [==============================] - 0s 681us/step
 1/12 [=>............................] - ETA: 0s12/12 [==============================] - 0s 680us/step
 1/12 [=>............................] - ETA: 0s12/12 [==============================] - 0s 663us/step
 1/12 [=>............................] - ETA: 0s12/12 [==============================] - 0s 663us/step
 1/12 [=>............................] - ETA: 0s12/12 [==============================] - 0s 703us/step
 1/12 [=>............................] - ETA: 0s12/12 [==============================] - 0s 684us/step
 1/12 [=>............................] - ETA: 0s12/12 [==============================] - 0s 689us/step
 1/12 [=>............................] - ETA: 0s12/12 [==============================] - 0s 699us/step
 1/12 [=>............................] - ETA: 0s12/12 [==============================] - 0s 694us/step
 1/12 [=>............................] - ETA: 0s12/12 [==============================] - 0s 672us/step
 1/12 [=>............................] - ETA: 0s12/12 [==============================] - 0s 659us/step
 1/12 [=>............................] - ETA: 0s12/12 [==============================] - 0s 692us/step
 1/12 [=>............................] - ETA: 0s12/12 [==============================] - 0s 679us/step
 1/12 [=>............................] - ETA: 0s12/12 [==============================] - 0s 706us/step
 1/12 [=>............................] - ETA: 0s12/12 [==============================] - 0s 658us/step
 1/12 [=>............................] - ETA: 0s12/12 [==============================] - 0s 656us/step
 1/12 [=>............................] - ETA: 0s12/12 [==============================] - 0s 660us/step
 1/12 [=>............................] - ETA: 0s12/12 [==============================] - 0s 681us/step
 1/12 [=>............................] - ETA: 0s12/12 [==============================] - 0s 696us/step
 1/12 [=>............................] - ETA: 0s12/12 [==============================] - 0s 679us/step
 1/12 [=>............................] - ETA: 0s12/12 [==============================] - 0s 681us/step
 1/12 [=>............................] - ETA: 0s12/12 [==============================] - 0s 672us/step
 1/12 [=>............................] - ETA: 0s12/12 [==============================] - 0s 681us/step
 1/12 [=>............................] - ETA: 0s12/12 [==============================] - 0s 701us/step
 1/12 [=>............................] - ETA: 0s12/12 [==============================] - 0s 677us/step
 1/12 [=>............................] - ETA: 0s12/12 [==============================] - 0s 693us/step
 1/12 [=>............................] - ETA: 0s12/12 [==============================] - 0s 676us/step
 1/12 [=>............................] - ETA: 0s12/12 [==============================] - 0s 672us/step
 1/12 [=>............................] - ETA: 0s12/12 [==============================] - 0s 662us/step
 1/12 [=>............................] - ETA: 0s12/12 [==============================] - 0s 665us/step
 1/12 [=>............................] - ETA: 0s12/12 [==============================] - 0s 672us/step
 1/12 [=>............................] - ETA: 0s12/12 [==============================] - 0s 674us/step
 1/12 [=>............................] - ETA: 0s12/12 [==============================] - 0s 661us/step
 1/12 [=>............................] - ETA: 0s12/12 [==============================] - 0s 673us/step
 1/12 [=>............................] - ETA: 0s12/12 [==============================] - 0s 713us/step
 1/12 [=>............................] - ETA: 0s12/12 [==============================] - 0s 672us/step
 1/12 [=>............................] - ETA: 0s12/12 [==============================] - 0s 653us/step
 1/12 [=>............................] - ETA: 0s12/12 [==============================] - 0s 691us/step
 1/12 [=>............................] - ETA: 0s12/12 [==============================] - 0s 687us/step
 1/12 [=>............................] - ETA: 0s12/12 [==============================] - 0s 696us/step
 1/12 [=>............................] - ETA: 0s12/12 [==============================] - 0s 674us/step
 1/12 [=>............................] - ETA: 0s12/12 [==============================] - 0s 671us/step
 1/12 [=>............................] - ETA: 0s12/12 [==============================] - 0s 669us/step
 1/12 [=>............................] - ETA: 0s12/12 [==============================] - 0s 683us/step
 1/12 [=>............................] - ETA: 0s12/12 [==============================] - 0s 678us/step
 1/12 [=>............................] - ETA: 0s12/12 [==============================] - 0s 675us/step
 1/12 [=>............................] - ETA: 0s12/12 [==============================] - 0s 705us/step
 1/12 [=>............................] - ETA: 0s12/12 [==============================] - 0s 696us/step
 1/12 [=>............................] - ETA: 0s12/12 [==============================] - 0s 647us/step
 1/12 [=>............................] - ETA: 0s12/12 [==============================] - 0s 693us/step
 1/12 [=>............................] - ETA: 0s12/12 [==============================] - 0s 691us/step
 1/12 [=>............................] - ETA: 0s12/12 [==============================] - 0s 653us/step
 1/12 [=>............................] - ETA: 0s12/12 [==============================] - 0s 680us/step
 1/12 [=>............................] - ETA: 0s12/12 [==============================] - 0s 716us/step
 1/12 [=>............................] - ETA: 0s12/12 [==============================] - 0s 704us/step
 1/12 [=>............................] - ETA: 0s12/12 [==============================] - 0s 696us/step
 1/12 [=>............................] - ETA: 0s12/12 [==============================] - 0s 657us/step
 1/12 [=>............................] - ETA: 0s12/12 [==============================] - 0s 670us/step
 1/12 [=>............................] - ETA: 0s12/12 [==============================] - 0s 678us/step
 1/12 [=>............................] - ETA: 0s12/12 [==============================] - 0s 678us/step
 1/12 [=>............................] - ETA: 0s12/12 [==============================] - 0s 673us/step
 1/12 [=>............................] - ETA: 0s12/12 [==============================] - 0s 678us/step
 1/12 [=>............................] - ETA: 0s12/12 [==============================] - 0s 665us/step
 1/12 [=>............................] - ETA: 0s12/12 [==============================] - 0s 644us/step
 1/12 [=>............................] - ETA: 0s12/12 [==============================] - 0s 673us/step
 1/12 [=>............................] - ETA: 0s12/12 [==============================] - 0s 667us/step
 1/12 [=>............................] - ETA: 0s12/12 [==============================] - 0s 675us/step
 1/12 [=>............................] - ETA: 0s12/12 [==============================] - 0s 671us/step
 1/12 [=>............................] - ETA: 0s12/12 [==============================] - 0s 680us/step
 1/12 [=>............................] - ETA: 0s12/12 [==============================] - 0s 675us/step
 1/12 [=>............................] - ETA: 0s12/12 [==============================] - 0s 681us/step
 1/12 [=>............................] - ETA: 0s12/12 [==============================] - 0s 686us/step
 1/12 [=>............................] - ETA: 0s12/12 [==============================] - 0s 656us/step
 1/12 [=>............................] - ETA: 0s12/12 [==============================] - 0s 714us/step
 1/12 [=>............................] - ETA: 0s12/12 [==============================] - 0s 696us/step
 1/12 [=>............................] - ETA: 0s12/12 [==============================] - 0s 679us/step
 1/12 [=>............................] - ETA: 0s12/12 [==============================] - 0s 690us/step
 1/12 [=>............................] - ETA: 0s12/12 [==============================] - 0s 689us/step
 1/12 [=>............................] - ETA: 0s12/12 [==============================] - 0s 688us/step
 1/12 [=>............................] - ETA: 0s12/12 [==============================] - 0s 662us/step
 1/12 [=>............................] - ETA: 0s12/12 [==============================] - 0s 670us/step
 1/12 [=>............................] - ETA: 0s12/12 [==============================] - 0s 674us/step
 1/12 [=>............................] - ETA: 0s12/12 [==============================] - 0s 686us/step
 1/12 [=>............................] - ETA: 0s12/12 [==============================] - 0s 687us/step
 1/12 [=>............................] - ETA: 0s12/12 [==============================] - 0s 674us/step
 1/12 [=>............................] - ETA: 0s12/12 [==============================] - 0s 697us/step
 1/12 [=>............................] - ETA: 0s12/12 [==============================] - 0s 677us/step
 1/12 [=>............................] - ETA: 0s12/12 [==============================] - 0s 704us/step
 1/12 [=>............................] - ETA: 0s12/12 [==============================] - 0s 687us/step
 1/12 [=>............................] - ETA: 0s12/12 [==============================] - 0s 692us/step
 1/12 [=>............................] - ETA: 0s12/12 [==============================] - 0s 674us/step
 1/12 [=>............................] - ETA: 0s12/12 [==============================] - 0s 694us/step
 1/12 [=>............................] - ETA: 0s12/12 [==============================] - 0s 681us/step
 1/12 [=>............................] - ETA: 0s12/12 [==============================] - 0s 698us/step
 1/12 [=>............................] - ETA: 0s12/12 [==============================] - 0s 697us/step
 1/12 [=>............................] - ETA: 0s12/12 [==============================] - 0s 688us/step
 1/12 [=>............................] - ETA: 0s12/12 [==============================] - 0s 686us/step
 1/12 [=>............................] - ETA: 0s12/12 [==============================] - 0s 697us/step
 1/12 [=>............................] - ETA: 0s12/12 [==============================] - 0s 675us/step
 1/12 [=>............................] - ETA: 0s12/12 [==============================] - 0s 680us/step
 1/12 [=>............................] - ETA: 0s12/12 [==============================] - 0s 655us/step
 1/12 [=>............................] - ETA: 0s12/12 [==============================] - 0s 680us/step
 1/12 [=>............................] - ETA: 0s12/12 [==============================] - 0s 659us/step
 1/12 [=>............................] - ETA: 0s12/12 [==============================] - 0s 673us/step
 1/12 [=>............................] - ETA: 0s12/12 [==============================] - 0s 653us/step
 1/12 [=>............................] - ETA: 0s12/12 [==============================] - 0s 691us/step
 1/12 [=>............................] - ETA: 0s12/12 [==============================] - 0s 693us/step
 1/12 [=>............................] - ETA: 0s12/12 [==============================] - 0s 669us/step
 1/12 [=>............................] - ETA: 0s12/12 [==============================] - 0s 699us/step
 1/12 [=>............................] - ETA: 0s12/12 [==============================] - 0s 661us/step
 1/12 [=>............................] - ETA: 0s12/12 [==============================] - 0s 670us/step
 1/12 [=>............................] - ETA: 0s12/12 [==============================] - 0s 681us/step
 1/12 [=>............................] - ETA: 0s12/12 [==============================] - 0s 678us/step
 1/12 [=>............................] - ETA: 0s12/12 [==============================] - 0s 658us/step
 1/12 [=>............................] - ETA: 0s12/12 [==============================] - 0s 714us/step
 1/12 [=>............................] - ETA: 0s12/12 [==============================] - 0s 680us/step
 1/12 [=>............................] - ETA: 0s12/12 [==============================] - 0s 698us/step
 1/12 [=>............................] - ETA: 0s12/12 [==============================] - 0s 740us/step
 1/12 [=>............................] - ETA: 0s12/12 [==============================] - 0s 660us/step
 1/12 [=>............................] - ETA: 0s12/12 [==============================] - 0s 654us/step
 1/12 [=>............................] - ETA: 0s12/12 [==============================] - 0s 655us/step
 1/12 [=>............................] - ETA: 0s12/12 [==============================] - 0s 681us/step
 1/12 [=>............................] - ETA: 0s12/12 [==============================] - 0s 692us/step
 1/12 [=>............................] - ETA: 0s12/12 [==============================] - 0s 699us/step
 1/12 [=>............................] - ETA: 0s12/12 [==============================] - 0s 689us/step
 1/12 [=>............................] - ETA: 0s12/12 [==============================] - 0s 685us/step
 1/12 [=>............................] - ETA: 0s12/12 [==============================] - 0s 674us/step
 1/12 [=>............................] - ETA: 0s12/12 [==============================] - 0s 694us/step
 1/12 [=>............................] - ETA: 0s12/12 [==============================] - 0s 689us/step
 1/12 [=>............................] - ETA: 0s12/12 [==============================] - 0s 688us/step
 1/12 [=>............................] - ETA: 0s12/12 [==============================] - 0s 658us/step
 1/12 [=>............................] - ETA: 0s12/12 [==============================] - 0s 687us/step
 1/12 [=>............................] - ETA: 0s12/12 [==============================] - 0s 677us/step
 1/12 [=>............................] - ETA: 0s12/12 [==============================] - 0s 697us/step
 1/12 [=>............................] - ETA: 0s12/12 [==============================] - 0s 687us/step
 1/12 [=>............................] - ETA: 0s12/12 [==============================] - 0s 706us/step
 1/12 [=>............................] - ETA: 0s12/12 [==============================] - 0s 682us/step
 1/12 [=>............................] - ETA: 0s12/12 [==============================] - 0s 703us/step

================
== TensorFlow ==
================

NVIDIA Release 23.08-tf2 (build 66128809)
TensorFlow Version 2.13.0

Container image Copyright (c) 2023, NVIDIA CORPORATION & AFFILIATES. All rights reserved.
Copyright 2017-2023 The TensorFlow Authors.  All rights reserved.

Various files include modifications (c) NVIDIA CORPORATION & AFFILIATES.  All rights reserved.

This container image and its contents are governed by the NVIDIA Deep Learning Container License.
By pulling and using the container, you accept the terms and conditions of this license:
https://developer.nvidia.com/ngc/nvidia-deep-learning-container-license

Folder 'Evaluations_PDFs_DataPoints' created successfully!
**** Scanning model: 0 ****
**** Scanning model: 1 ****
**** Scanning model: 2 ****
**** Scanning model: 3 ****
**** Scanning model: 4 ****
**** Scanning model: 5 ****
**** Scanning model: 6 ****
**** Scanning model: 7 ****
**** Scanning model: 8 ****
**** Scanning model: 9 ****

================
== TensorFlow ==
================

NVIDIA Release 23.08-tf2 (build 66128809)
TensorFlow Version 2.13.0

Container image Copyright (c) 2023, NVIDIA CORPORATION & AFFILIATES. All rights reserved.
Copyright 2017-2023 The TensorFlow Authors.  All rights reserved.

Various files include modifications (c) NVIDIA CORPORATION & AFFILIATES.  All rights reserved.

This container image and its contents are governed by the NVIDIA Deep Learning Container License.
By pulling and using the container, you accept the terms and conditions of this license:
https://developer.nvidia.com/ngc/nvidia-deep-learning-container-license

Folder 'Evaluations_TMDs_DataPoints' created successfully!
 1/12 [=>............................] - ETA: 3s12/12 [==============================] - 0s 778us/step
 1/12 [=>............................] - ETA: 0s12/12 [==============================] - 0s 677us/step
 1/12 [=>............................] - ETA: 0s12/12 [==============================] - 0s 681us/step
 1/12 [=>............................] - ETA: 0s12/12 [==============================] - 0s 667us/step
 1/12 [=>............................] - ETA: 0s12/12 [==============================] - 0s 666us/step
 1/12 [=>............................] - ETA: 0s12/12 [==============================] - 0s 680us/step
 1/12 [=>............................] - ETA: 0s12/12 [==============================] - 0s 664us/step
 1/12 [=>............................] - ETA: 0s12/12 [==============================] - 0s 647us/step
 1/12 [=>............................] - ETA: 0s12/12 [==============================] - 0s 702us/step
 1/12 [=>............................] - ETA: 0s12/12 [==============================] - 0s 692us/step
 1/12 [=>............................] - ETA: 0s12/12 [==============================] - 0s 655us/step
 1/12 [=>............................] - ETA: 0s12/12 [==============================] - 0s 689us/step
 1/12 [=>............................] - ETA: 0s12/12 [==============================] - 0s 690us/step
 1/12 [=>............................] - ETA: 0s12/12 [==============================] - 0s 679us/step
 1/12 [=>............................] - ETA: 0s12/12 [==============================] - 0s 690us/step
 1/12 [=>............................] - ETA: 0s12/12 [==============================] - 0s 676us/step
 1/12 [=>............................] - ETA: 0s12/12 [==============================] - 0s 659us/step
 1/12 [=>............................] - ETA: 0s12/12 [==============================] - 0s 677us/step
 1/12 [=>............................] - ETA: 0s12/12 [==============================] - 0s 686us/step
 1/12 [=>............................] - ETA: 0s12/12 [==============================] - 0s 685us/step
 1/12 [=>............................] - ETA: 0s12/12 [==============================] - 0s 710us/step
 1/12 [=>............................] - ETA: 0s12/12 [==============================] - 0s 678us/step
 1/12 [=>............................] - ETA: 0s12/12 [==============================] - 0s 673us/step
 1/12 [=>............................] - ETA: 0s12/12 [==============================] - 0s 676us/step
 1/12 [=>............................] - ETA: 0s12/12 [==============================] - 0s 667us/step
 1/12 [=>............................] - ETA: 6s12/12 [==============================] - 1s 710us/step
 1/12 [=>............................] - ETA: 0s12/12 [==============================] - 0s 683us/step
 1/12 [=>............................] - ETA: 0s12/12 [==============================] - 0s 697us/step
 1/12 [=>............................] - ETA: 0s12/12 [==============================] - 0s 713us/step
 1/12 [=>............................] - ETA: 0s12/12 [==============================] - 0s 698us/step
 1/12 [=>............................] - ETA: 0s12/12 [==============================] - 0s 673us/step
 1/12 [=>............................] - ETA: 0s12/12 [==============================] - 0s 673us/step
 1/12 [=>............................] - ETA: 0s12/12 [==============================] - 0s 702us/step
 1/12 [=>............................] - ETA: 0s12/12 [==============================] - 0s 689us/step
 1/12 [=>............................] - ETA: 0s12/12 [==============================] - 0s 669us/step
 1/12 [=>............................] - ETA: 0s12/12 [==============================] - 0s 656us/step
 1/12 [=>............................] - ETA: 0s12/12 [==============================] - 0s 693us/step
 1/12 [=>............................] - ETA: 0s12/12 [==============================] - 0s 707us/step
 1/12 [=>............................] - ETA: 0s12/12 [==============================] - 0s 686us/step
 1/12 [=>............................] - ETA: 0s12/12 [==============================] - 0s 682us/step

================
== TensorFlow ==
================

NVIDIA Release 23.08-tf2 (build 66128809)
TensorFlow Version 2.13.0

Container image Copyright (c) 2023, NVIDIA CORPORATION & AFFILIATES. All rights reserved.
Copyright 2017-2023 The TensorFlow Authors.  All rights reserved.

Various files include modifications (c) NVIDIA CORPORATION & AFFILIATES.  All rights reserved.

This container image and its contents are governed by the NVIDIA Deep Learning Container License.
By pulling and using the container, you accept the terms and conditions of this license:
https://developer.nvidia.com/ngc/nvidia-deep-learning-container-license

Folder 'Evaluations_TMDs_with_kval' created successfully!
